     1                                  %include    "../include/define.s"
     1                              <1>         BOOT_LOAD           equ     0x7C00
     2                              <1> 
     3                              <1>         BOOT_SIZE           equ     (1024 * 8)
     4                              <1>         SECT_SIZE           equ     (512)
     5                              <1>         BOOT_SECT           equ     (BOOT_SIZE / SECT_SIZE)
     6                              <1>         BOOT_END            equ     (BOOT_LOAD + BOOT_SIZE)
     7                              <1> 
     8                              <1>         E820_RECORD_SIZE    equ     20
     9                              <1> 
    10                              <1>         KERNEL_LOAD         equ     0x0010_1000
    11                              <1> 
    12                              <1>         KERNEL_SIZE         equ     (1024 * 8)
    13                              <1>         KERNEL_SECT         equ     (KERNEL_SIZE / SECT_SIZE)
     2                                  %include    "../include/macro.s"
     1                              <1> %macro  cdecl 1-*.nolist
     2                              <1> 
     3                              <1>     %rep  %0 -1
     4                              <1>         push    %{-1:-1}
     5                              <1>         %rotate -1
     6                              <1>     %endrep
     7                              <1>     %rotate -1
     8                              <1> 
     9                              <1>         call    %1
    10                              <1> 
    11                              <1>     %if  1 < %0
    12                              <1>         add     sp, (__BITS__ >> 3) * (%0 - 1)
    13                              <1>     %endif
    14                              <1> 
    15                              <1> %endmacro
    16                              <1> 
    17                              <1> struc drive
    18 00000000 <res 00000002>      <1>         .no     resw    1
    19 00000002 <res 00000002>      <1>         .cyln   resw    1
    20 00000004 <res 00000002>      <1>         .head   resw    1
    21 00000006 <res 00000002>      <1>         .sect   resw    1
    22                              <1> endstruc
     3                                  
     4                                          ORG     KERNEL_LOAD
     5                                  
     6                                  [BITS 32]
     7                                  
     8                                  kernel:
     9                                  
    10 00000000 BE007E0000                      mov     esi, BOOT_LOAD + SECT_SIZE
    11 00000005 0FB706                          movzx   eax, word [esi + 0]
    12 00000008 0FB75E02                        movzx   ebx, word [esi + 2]
    13 0000000C C1E004                          shl     eax, 4
    14 0000000F 01D8                            add     eax, ebx
    15 00000011 A3[4C010000]                    mov     [FONT_ADR], eax
    16                                  
    17 00000016 6A0D6A3FE8A8020000-             cdecl   draw_font, 63, 13
    17 0000001F 6683C408           
    18 00000023 6A046A3FE829030000-             cdecl   draw_color_bar, 63, 4
    18 0000002C 6683C408           
    19 00000030 68[39010000]680F01-             cdecl   draw_str, 25, 14, 0x010F, .s0
    19 00000038 00006A0E6A19E8C902-
    19 00000041 00006683C410       
    20                                  
    21 00000047 6A016A046A08E87E03-     		cdecl	draw_pixel,  8, 4, 0x01
    21 00000050 00006683C40C       
    22 00000056 6A016A056A09E86F03-     		cdecl	draw_pixel,  9, 5, 0x01
    22 0000005F 00006683C40C       
    23 00000065 6A026A066A0AE86003-     		cdecl	draw_pixel, 10, 6, 0x02
    23 0000006E 00006683C40C       
    24 00000074 6A026A076A0BE85103-     		cdecl	draw_pixel, 11, 7, 0x02
    24 0000007D 00006683C40C       
    25 00000083 6A036A086A0CE84203-     		cdecl	draw_pixel, 12, 8, 0x03
    25 0000008C 00006683C40C       
    26 00000092 6A036A096A0DE83303-     		cdecl	draw_pixel, 13, 9, 0x03
    26 0000009B 00006683C40C       
    27 000000A1 6A046A0A6A0EE82403-     		cdecl	draw_pixel, 14,10, 0x04
    27 000000AA 00006683C40C       
    28 000000B0 6A046A0B6A0FE81503-     		cdecl	draw_pixel, 15,11, 0x04
    28 000000B9 00006683C40C       
    29                                  
    30 000000BF 6A036A046A0FE80603-     		cdecl	draw_pixel, 15, 4, 0x03
    30 000000C8 00006683C40C       
    31 000000CE 6A036A056A0EE8F702-     		cdecl	draw_pixel, 14, 5, 0x03
    31 000000D7 00006683C40C       
    32 000000DD 6A046A066A0DE8E802-     		cdecl	draw_pixel, 13, 6, 0x04
    32 000000E6 00006683C40C       
    33 000000EC 6A046A076A0CE8D902-     		cdecl	draw_pixel, 12, 7, 0x04
    33 000000F5 00006683C40C       
    34 000000FB 6A016A086A0BE8CA02-     		cdecl	draw_pixel, 11, 8, 0x01
    34 00000104 00006683C40C       
    35 0000010A 6A016A096A0AE8BB02-     		cdecl	draw_pixel, 10, 9, 0x01
    35 00000113 00006683C40C       
    36 00000119 6A026A0A6A09E8AC02-     		cdecl	draw_pixel,  9,10, 0x02
    36 00000122 00006683C40C       
    37 00000128 6A026A0B6A08E89D02-     		cdecl	draw_pixel,  8,11, 0x02
    37 00000131 00006683C40C       
    38                                  
    39 00000137 EBFE                            jmp     $
    40                                  
    41 00000139 2048656C6C6F2C206B-     .s0 	db	" Hello, kernel! ", 0
    41 00000142 65726E656C212000   
    42                                  
    43 0000014A 00<rept>                ALIGN 4, db 0
    44 0000014C 00000000                FONT_ADR:   dd 0
    45                                  
    46                                  %include    "../modules/protect/vga.s"
     1                              <1> vga_set_read_plane:
     2                              <1> 
     3 00000150 55                  <1>         push    ebp
     4 00000151 89E5                <1>         mov     ebp, esp
     5                              <1> 
     6 00000153 50                  <1>         push    eax
     7 00000154 52                  <1>         push    edx
     8                              <1> 
     9 00000155 8A6508              <1>         mov     ah, [ebp + 8]
    10 00000158 80E403              <1>         and     ah, 0x03
    11 0000015B B004                <1>         mov     al, 0x04
    12 0000015D 66BACE03            <1>         mov     dx, 0x03CE
    13 00000161 66EF                <1>         out     dx, ax
    14                              <1> 
    15 00000163 5A                  <1>         pop     edx
    16 00000164 58                  <1>         pop     eax
    17                              <1> 
    18 00000165 89EC                <1>         mov     esp, ebp
    19 00000167 5D                  <1>         pop     ebp
    20                              <1> 
    21 00000168 C3                  <1>         ret
    22                              <1> 
    23                              <1> 
    24                              <1> vga_set_write_plane:
    25                              <1> 
    26 00000169 55                  <1>          push    ebp
    27 0000016A 89E5                <1>          mov     ebp, esp
    28                              <1>  
    29 0000016C 50                  <1>          push    eax
    30 0000016D 52                  <1>          push    edx
    31                              <1>  
    32 0000016E 8A6508              <1>          mov     ah, [ebp + 8]
    33 00000171 80E40F              <1>          and     ah, 0x0F
    34 00000174 B002                <1>          mov     al, 0x02
    35 00000176 66BAC403            <1>          mov     dx, 0x03C4
    36 0000017A 66EF                <1>          out     dx, ax
    37                              <1>  
    38 0000017C 5A                  <1>          pop     edx
    39 0000017D 58                  <1>          pop     eax
    40                              <1>  
    41 0000017E 89EC                <1>          mov     esp, ebp
    42 00000180 5D                  <1>          pop     ebp
    43                              <1>  
    44 00000181 C3                  <1>          ret
    45                              <1> 
    46                              <1> 
    47                              <1> vram_font_copy:
    48                              <1> 
    49 00000182 55                  <1>         push    ebp
    50 00000183 89E5                <1>         mov     ebp, esp
    51                              <1> 
    52 00000185 50                  <1>         push    eax
    53 00000186 53                  <1>         push    ebx
    54 00000187 51                  <1>         push    ecx
    55 00000188 52                  <1>         push    edx
    56 00000189 56                  <1>         push    esi
    57 0000018A 57                  <1>         push    edi
    58                              <1> 
    59 0000018B 8B7508              <1>         mov     esi, [ebp + 8]
    60 0000018E 8B7D0C              <1>         mov     edi, [ebp + 12]
    61 00000191 0FB64510            <1>         movzx   eax, byte [ebp + 16]
    62 00000195 0FB75D14            <1>         movzx   ebx, word [ebp + 20]
    63                              <1> 
    64 00000199 84C7                <1>         test    bh, al
    65 0000019B 0F94C6              <1>         setz    dh
    66 0000019E FECE                <1>         dec     dh
    67                              <1> 
    68 000001A0 84C3                <1>         test    bl, al
    69 000001A2 0F94C2              <1>         setz    dl
    70 000001A5 FECA                <1>         dec     dl
    71                              <1> 
    72 000001A7 FC                  <1>         cld
    73                              <1> 
    74 000001A8 B910000000          <1>         mov     ecx, 16
    75                              <1> .10L:
    76                              <1> 
    77 000001AD AC                  <1>         lodsb
    78 000001AE 88C4                <1>         mov     ah, al
    79 000001B0 F6D4                <1>         not     ah
    80                              <1> 
    81 000001B2 20D0                <1>         and     al, dl
    82                              <1> 
    83 000001B4 F7C310000000        <1>         test    ebx, 0x0010
    84 000001BA 7404                <1>         jz      .11F
    85 000001BC 2227                <1>         and     ah, [edi]
    86 000001BE EB02                <1>         jmp     .11E
    87                              <1> .11F:
    88                              <1> 
    89 000001C0 20F4                <1>         and     ah, dh
    90                              <1> .11E:
    91                              <1> 
    92 000001C2 08E0                <1>         or      al, ah
    93                              <1> 
    94 000001C4 8807                <1>         mov     [edi], al
    95                              <1> 
    96 000001C6 83C750              <1>         add     edi, 80
    97 000001C9 E2E2                <1>         loop    .10L
    98                              <1> .10E:
    99                              <1> 
   100 000001CB 5F                  <1>         pop     edi
   101 000001CC 5E                  <1>         pop     esi
   102 000001CD 5A                  <1>         pop     edx
   103 000001CE 59                  <1>         pop     ecx
   104 000001CF 5B                  <1>         pop     ebx
   105 000001D0 58                  <1>         pop     eax
   106                              <1> 
   107 000001D1 89EC                <1>         mov     esp, ebp
   108 000001D3 5D                  <1>         pop     ebp
   109                              <1> 
   110 000001D4 C3                  <1>         ret
   111                              <1> 
   112                              <1> 
   113                              <1> 
   114                              <1> vram_bit_copy:
   115                              <1> 
   116 000001D5 55                  <1>         push    ebp
   117 000001D6 89E5                <1>         mov     ebp, esp
   118                              <1> 
   119 000001D8 50                  <1>         push    eax
   120 000001D9 53                  <1>         push    ebx
   121 000001DA 57                  <1>         push    edi
   122                              <1> 
   123 000001DB 8B7D0C              <1>         mov     edi, [ebp + 12]
   124 000001DE 0FB64510            <1>         movzx   eax, byte [ebp + 16]
   125 000001E2 0FB75D14            <1>         movzx   ebx, word [ebp + 20]
   126                              <1> 
   127 000001E6 84C3                <1>         test    bl, al
   128 000001E8 0F94C3              <1>         setz    bl
   129 000001EB FECB                <1>         dec     bl
   130                              <1> 
   131 000001ED 8A4508              <1>         mov     al, [ebp + 8]
   132 000001F0 88C4                <1>         mov     ah, al
   133 000001F2 F6D4                <1>         not     ah
   134                              <1> 
   135 000001F4 2227                <1>         and     ah, [edi]
   136 000001F6 20D8                <1>         and     al, bl
   137 000001F8 08E0                <1>         or      al, ah
   138                              <1> 
   139 000001FA 8807                <1>         mov     [edi], al
   140                              <1> 
   141 000001FC 5F                  <1>         pop     edi
   142 000001FD 5B                  <1>         pop     ebx
   143 000001FE 58                  <1>         pop     eax
   144                              <1> 
   145 000001FF 89EC                <1>         mov     esp, ebp
   146 00000201 5D                  <1>         pop     ebp
   147                              <1> 
   148 00000202 C3                  <1>         ret
    47                                  %include    "../modules/protect/draw_char.s"
     1                              <1> draw_char:
     2                              <1> 
     3 00000203 55                  <1>         push    ebp
     4 00000204 89E5                <1>         mov     ebp, esp
     5                              <1> 
     6 00000206 50                  <1>         push    eax
     7 00000207 53                  <1>         push    ebx
     8 00000208 51                  <1>         push    ecx
     9 00000209 52                  <1>         push    edx
    10 0000020A 56                  <1>         push    esi
    11 0000020B 57                  <1>         push    edi
    12                              <1> 
    13 0000020C 0FB67514            <1>         movzx   esi, byte [ebp + 20]
    14 00000210 C1E604              <1>         shl     esi, 4
    15 00000213 0335[4C010000]      <1>         add     esi, [FONT_ADR]
    16                              <1> 
    17 00000219 8B7D0C              <1>         mov     edi, [ebp + 12]
    18 0000021C C1E708              <1>         shl     edi, 8
    19 0000021F 8DBCBF00000A00      <1>         lea     edi, [edi * 4 + edi + 0xA0000]
    20 00000226 037D08              <1>         add     edi, [ebp + 8]
    21                              <1> 
    22 00000229 0FB75D10            <1>         movzx   ebx, word [ebp + 16]
    23                              <1> 
    24 0000022D 6A03E81CFFFFFF6683- <1>         cdecl   vga_set_read_plane, 0x03
    24 00000236 C404                <1>
    25 00000238 6A08E82AFFFFFF6683- <1>         cdecl   vga_set_write_plane, 0x08
    25 00000241 C404                <1>
    26 00000243 536A085756E835FFFF- <1>         cdecl   vram_font_copy, esi, edi, 0x08, ebx
    26 0000024C FF6683C410          <1>
    27                              <1> 
    28 00000251 6A02E8F8FEFFFF6683- <1>         cdecl   vga_set_read_plane, 0x02
    28 0000025A C404                <1>
    29 0000025C 6A04E806FFFFFF6683- <1>         cdecl   vga_set_write_plane, 0x04
    29 00000265 C404                <1>
    30 00000267 536A045756E811FFFF- <1>         cdecl   vram_font_copy, esi, edi, 0x04, ebx
    30 00000270 FF6683C410          <1>
    31                              <1> 
    32 00000275 6A01E8D4FEFFFF6683- <1>         cdecl   vga_set_read_plane, 0x01
    32 0000027E C404                <1>
    33 00000280 6A02E8E2FEFFFF6683- <1>         cdecl   vga_set_write_plane, 0x02
    33 00000289 C404                <1>
    34 0000028B 536A025756E8EDFEFF- <1>         cdecl   vram_font_copy, esi, edi, 0x02, ebx
    34 00000294 FF6683C410          <1>
    35                              <1> 
    36 00000299 6A00E8B0FEFFFF6683- <1>         cdecl   vga_set_read_plane, 0x00
    36 000002A2 C404                <1>
    37 000002A4 6A01E8BEFEFFFF6683- <1>         cdecl   vga_set_write_plane, 0x01
    37 000002AD C404                <1>
    38 000002AF 536A015756E8C9FEFF- <1>         cdecl   vram_font_copy, esi, edi, 0x01, ebx
    38 000002B8 FF6683C410          <1>
    39                              <1> 
    40 000002BD 5F                  <1>         pop     edi
    41 000002BE 5E                  <1>         pop     esi
    42 000002BF 5A                  <1>         pop     edx
    43 000002C0 59                  <1>         pop     ecx
    44 000002C1 5B                  <1>         pop     ebx
    45 000002C2 58                  <1>         pop     eax
    46                              <1> 
    47 000002C3 89EC                <1>         mov     esp, ebp
    48 000002C5 5D                  <1>         pop     ebp
    49                              <1> 
    50 000002C6 C3                  <1>         ret
    48                                  %include    "../modules/protect/draw_font.s"
     1                              <1> draw_font:
     2                              <1> 
     3 000002C7 55                  <1>         push    ebp
     4 000002C8 89E5                <1>         mov     ebp, esp
     5                              <1> 
     6 000002CA 50                  <1>         push    eax
     7 000002CB 53                  <1>         push    ebx
     8 000002CC 51                  <1>         push    ecx
     9 000002CD 52                  <1>         push    edx
    10 000002CE 56                  <1>         push    esi
    11 000002CF 57                  <1>         push    edi
    12                              <1> 
    13 000002D0 8B7508              <1>         mov     esi, [ebp + 8]
    14 000002D3 8B7D0C              <1>         mov     edi, [ebp + 12]
    15                              <1> 
    16 000002D6 B900000000          <1>         mov     ecx, 0
    17 000002DB 81F900010000        <1> .10L:   cmp     ecx, 256
    18 000002E1 731F                <1>         jae     .10E
    19                              <1> 
    20 000002E3 89C8                <1>         mov     eax, ecx
    21 000002E5 83E00F              <1>         and     eax, 0x0F
    22 000002E8 01F0                <1>         add     eax, esi
    23                              <1> 
    24 000002EA 89CB                <1>         mov     ebx, ecx
    25 000002EC C1EB04              <1>         shr     ebx, 4
    26 000002EF 01FB                <1>         add     ebx, edi
    27                              <1> 
    28 000002F1 516A075350E808FFFF- <1>         cdecl   draw_char, eax, ebx, 0x07, ecx
    28 000002FA FF6683C410          <1>
    29                              <1> 
    30 000002FF 41                  <1>         inc     ecx
    31 00000300 EBD9                <1>         jmp     .10L
    32                              <1> .10E:
    33                              <1> 
    34 00000302 5F                  <1>         pop     edi
    35 00000303 5E                  <1>         pop     esi
    36 00000304 5A                  <1>         pop     edx
    37 00000305 59                  <1>         pop     ecx
    38 00000306 5B                  <1>         pop     ebx
    39 00000307 58                  <1>         pop     eax
    40                              <1> 
    41 00000308 89EC                <1>         mov     esp, ebp
    42 0000030A 5D                  <1>         pop     ebp
    43                              <1> 
    44 0000030B C3                  <1>         ret
    49                                  %include    "../modules/protect/draw_str.s"
     1                              <1> draw_str:
     2                              <1> 
     3 0000030C 55                  <1>         push    ebp
     4 0000030D 89E5                <1>         mov     ebp, esp
     5                              <1> 
     6 0000030F 50                  <1>         push    eax
     7 00000310 53                  <1>         push    ebx
     8 00000311 51                  <1>         push    ecx
     9 00000312 52                  <1>         push    edx
    10 00000313 56                  <1>         push    esi
    11                              <1> 
    12 00000314 8B4D08              <1>         mov     ecx, [ebp + 8]
    13 00000317 8B550C              <1>         mov     edx, [ebp + 12]
    14 0000031A 0FB75D10            <1>         movzx   ebx, word [ebp + 16]
    15 0000031E 8B7514              <1>         mov     esi, [ebp + 20]
    16                              <1> 
    17 00000321 FC                  <1>         cld
    18                              <1> .10L:
    19                              <1> 
    20 00000322 AC                  <1>         lodsb
    21 00000323 3C00                <1>         cmp     al, 0
    22 00000325 7425                <1>         je      .10E
    23                              <1> 
    24 00000327 50535251E8D3FEFFFF- <1>         cdecl   draw_char, ecx, edx, ebx, eax
    24 00000330 6683C410            <1>
    25                              <1> 
    26 00000334 41                  <1>         inc     ecx
    27 00000335 83F950              <1>         cmp     ecx, 80
    28 00000338 7C10                <1>         jl      .12E
    29 0000033A B900000000          <1>         mov     ecx, 0
    30 0000033F 42                  <1>         inc     edx
    31 00000340 83FA1E              <1>         cmp     edx, 30
    32 00000343 7C05                <1>         jl      .12E
    33 00000345 BA00000000          <1>         mov     edx, 0
    34                              <1> 
    35                              <1> .12E:
    36 0000034A EBD6                <1>         jmp     .10L
    37                              <1> .10E:
    38                              <1> 
    39 0000034C 5E                  <1>         pop     esi
    40 0000034D 5A                  <1>         pop     edx
    41 0000034E 59                  <1>         pop     ecx
    42 0000034F 5B                  <1>         pop     ebx
    43 00000350 58                  <1>         pop     eax
    44                              <1> 
    45 00000351 89EC                <1>         mov     esp, ebp
    46 00000353 5D                  <1>         pop     ebp
    47                              <1> 
    48 00000354 C3                  <1>         ret
    50                                  %include    "../modules/protect/draw_color_bar.s"
     1                              <1> draw_color_bar:
     2                              <1> 
     3 00000355 55                  <1>         push    ebp
     4 00000356 89E5                <1>         mov     ebp, esp
     5                              <1> 
     6 00000358 50                  <1>         push    eax
     7 00000359 53                  <1>         push    ebx
     8 0000035A 51                  <1>         push    ecx
     9 0000035B 52                  <1>         push    edx
    10 0000035C 56                  <1>         push    esi
    11 0000035D 57                  <1>         push    edi
    12                              <1> 
    13 0000035E 8B7508              <1>         mov     esi, [ebp + 8]
    14 00000361 8B7D0C              <1>         mov     edi, [ebp + 12]
    15                              <1> 
    16 00000364 B900000000          <1>         mov     ecx, 0
    17 00000369 83F910              <1> .10L:   cmp     ecx, 16
    18 0000036C 732E                <1>         jae     .10E
    19                              <1> 
    20 0000036E 89C8                <1>         mov     eax, ecx
    21 00000370 83E001              <1>         and     eax, 0x01
    22 00000373 C1E003              <1>         shl     eax, 3
    23 00000376 01F0                <1>         add     eax, esi
    24                              <1> 
    25 00000378 89CB                <1>         mov     ebx, ecx
    26 0000037A D1EB                <1>         shr     ebx, 1
    27 0000037C 01FB                <1>         add     ebx, edi
    28                              <1> 
    29 0000037E 89CA                <1>         mov     edx, ecx
    30 00000380 D1E2                <1>         shl     edx, 1
    31 00000382 8B92[B0030000]      <1>         mov     edx, [.t0 + edx]
    32                              <1> 
    33 00000388 68[A6030000]525350- <1>         cdecl   draw_str, eax, ebx, edx, .s0
    33 00000390 E877FFFFFF6683C410  <1>
    34                              <1> 
    35 00000399 41                  <1>         inc     ecx
    36 0000039A EBCD                <1>         jmp     .10L
    37                              <1> .10E:
    38                              <1> 
    39 0000039C 5F                  <1>         pop     edi
    40 0000039D 5E                  <1>         pop     esi
    41 0000039E 5A                  <1>         pop     edx
    42 0000039F 59                  <1>         pop     ecx
    43 000003A0 5B                  <1>         pop     ebx
    44 000003A1 58                  <1>         pop     eax
    45                              <1> 
    46 000003A2 89EC                <1>         mov     esp, ebp
    47 000003A4 5D                  <1>         pop     ebp
    48                              <1> 
    49 000003A5 C3                  <1>         ret
    50                              <1> 
    51 000003A6 202020202020202020- <1> .s0     db  '         ', 0
    51 000003AF 00                  <1>
    52                              <1> 
    53 000003B0 00000008            <1> .t0     dw  0x0000, 0x0800
    54 000003B4 00010009            <1> 		dw	0x0100, 0x0900
    55 000003B8 0002000A            <1> 		dw	0x0200, 0x0A00
    56 000003BC 0003000B            <1> 		dw	0x0300, 0x0B00
    57 000003C0 0004000C            <1> 		dw	0x0400, 0x0C00
    58 000003C4 0005000D            <1> 		dw	0x0500, 0x0D00
    59 000003C8 0006000E            <1> 		dw	0x0600, 0x0E00
    60 000003CC 0007000F            <1> 		dw	0x0700, 0x0F00
    51                                  %include    "../modules/protect/draw_pixel.s"
     1                              <1> draw_pixel:
     2                              <1> 
     3 000003D0 55                  <1>         push    ebp
     4 000003D1 89E5                <1>         mov     ebp, esp
     5                              <1> 
     6 000003D3 50                  <1>         push    eax
     7 000003D4 53                  <1>         push    ebx
     8 000003D5 51                  <1>         push    ecx
     9 000003D6 57                  <1>         push    edi
    10                              <1> 
    11 000003D7 8B7D0C              <1>         mov     edi, [ebp + 12]
    12 000003DA C1E704              <1>         shl     edi, 4
    13 000003DD 8DBCBF00000A00      <1>         lea     edi, [edi * 4 + edi + 0xA_0000]
    14                              <1> 
    15 000003E4 8B5D08              <1>         mov     ebx, [ebp + 8]
    16 000003E7 89D9                <1>         mov     ecx, ebx
    17 000003E9 C1EB03              <1>         shr     ebx, 3
    18 000003EC 01DF                <1>         add     edi, ebx
    19                              <1> 
    20 000003EE 83E107              <1>         and     ecx, 0x07
    21 000003F1 BB80000000          <1>         mov     ebx, 0x80
    22 000003F6 D3EB                <1>         shr     ebx, cl
    23                              <1> 
    24 000003F8 8B4D10              <1>         mov     ecx, [ebp + 16]
    25                              <1> 
    26 000003FB 6A03E84EFDFFFF6683- <1>         cdecl   vga_set_read_plane, 0x03
    26 00000404 C404                <1>
    27 00000406 6A08E85CFDFFFF6683- <1>         cdecl   vga_set_write_plane, 0x08
    27 0000040F C404                <1>
    28 00000411 516A085753E8BAFDFF- <1>         cdecl   vram_bit_copy, ebx, edi, 0x08, ecx
    28 0000041A FF6683C410          <1>
    29                              <1> 
    30 0000041F 6A02E82AFDFFFF6683- <1>         cdecl   vga_set_read_plane, 0x02
    30 00000428 C404                <1>
    31 0000042A 6A04E838FDFFFF6683- <1>         cdecl   vga_set_write_plane, 0x04
    31 00000433 C404                <1>
    32 00000435 516A045753E896FDFF- <1>         cdecl   vram_bit_copy, ebx, edi, 0x04, ecx
    32 0000043E FF6683C410          <1>
    33                              <1> 
    34 00000443 6A01E806FDFFFF6683- <1>         cdecl   vga_set_read_plane, 0x01
    34 0000044C C404                <1>
    35 0000044E 6A02E814FDFFFF6683- <1>         cdecl   vga_set_write_plane, 0x02
    35 00000457 C404                <1>
    36 00000459 516A025753E872FDFF- <1>         cdecl   vram_bit_copy, ebx, edi, 0x02, ecx
    36 00000462 FF6683C410          <1>
    37                              <1> 
    38 00000467 6A00E8E2FCFFFF6683- <1>         cdecl   vga_set_read_plane, 0x00
    38 00000470 C404                <1>
    39 00000472 6A01E8F0FCFFFF6683- <1>         cdecl   vga_set_write_plane, 0x01
    39 0000047B C404                <1>
    40 0000047D 516A015753E84EFDFF- <1>         cdecl   vram_bit_copy, ebx, edi, 0x01, ecx
    40 00000486 FF6683C410          <1>
    41                              <1> 
    42 0000048B 5F                  <1>         pop     edi
    43 0000048C 59                  <1>         pop     ecx
    44 0000048D 5B                  <1>         pop     ebx
    45 0000048E 58                  <1>         pop     eax
    46                              <1> 
    47 0000048F 89EC                <1>         mov     esp, ebp
    48 00000491 5D                  <1>         pop     ebp
    49                              <1> 
    50 00000492 C3                  <1>         ret
    52                                  
    53 00000493 00<rept>                        times KERNEL_SIZE -($ - $$) db 0
